audio    W         kcm_stream.c:652  _al_kcm_refill_stream            [   0.22099] Out of buffers
dinput   E         wjoydxnu.cpp:456  _al_win_joystick_dinput_grab     [   0.44746] IDirectInputDevice8_SetCooperativeLevel failed.
d3d      W         d3d_disp.cpp:603  d3d_destroy_device               [   8.77976] d3d_destroy_device: ref count not 0
c/classic_fonts.dat
Base NSF file: modules/classic/zelda.nsf
Module Title: Zelda Classic
Module Author: Armageddon Games
Module Info: 
The 'Zelda Classic Module' for ZC Player
and ZQ Editor, featuring the classic
first through tenth quests by Armageddon
Games, and various contest contributors.

Module Version: 2.0.2.0
Module Build: 0, Beta: 0
Build Date: 8th February, 2020 at @ 12:51 GMT
Fonts.Dat...ZC Launched: ZQuest Classic Player, 3.0.0-prerelease.22+2024-01-06
OK
OK
Initializing music... OK
Used switch: -windowed
set gfx mode succsessful at -2 8bpp 1280 x 960 
Loading Saved Games
Finished Loading Saved Games
Trying to load C:/Users/Evan/Desktop/Terror of Necromancy/ToN ZC/packages/Terror of Necromancy/data\assets/zc/ZC_Forever_HD.mp3
Reading Header...okay.
Reading ZInfo - Internal...okay.
Reading Rules...okay.
Reading Strings...okay.
Reading Doors...okay.
Reading DMaps...okay.
Reading Misc. Data...okay.
Misc Colours section version: 4
Reading Misc. Colors...okay.
Reading Game Icons...okay.
Reading Items...okay.
Reading Weapons...okay.
Reading Maps...okay.
Reading Combos...okay.
Reading Combo Aliases...okay.
Reading Color Data...okay.
Registering blank tiles
Reading Tiles...okay.
Reading Tunes...okay.
Reading Cheat Codes...okay.
Reading Init. Data...okay.
Guy CVersion is: 4
Reading Custom Guy Data...okay.
Reading Custom Player Sprite Data...okay.
Reading Custom Subscreen Data...okay.
Loaded scripts last compiled in ZScript version: 20
Reading FF Script Data...okay.
Reading SFX Data...okay.
Reading Item Drop Sets...okay.
Reading Favorite Combos...okay.
Done.
Time to load qst: 80 ms
Continue screen set to ff
File not found "c:\Users\Evan\Desktop\Terror". Searching...
Reading Header...okay.
Reading ZInfo - Internal...okay.
Reading Rules...okay.
Reading Strings...okay.
Reading Doors...okay.
Reading DMaps...okay.
Reading Misc. Data...okay.
Misc Colours section version: 4
Reading Misc. Colors...okay.
Reading Game Icons...okay.
Reading Items...okay.
Reading Weapons...okay.
Reading Maps...okay.
Reading Combos...okay.
Reading Combo Aliases...okay.
Reading Color Data...okay.
Registering blank tiles
Reading Tiles...okay.
Reading Tunes...okay.
Reading Cheat Codes...okay.
Reading Init. Data...okay.
Guy CVersion is: 4
Reading Custom Guy Data...okay.
Reading Custom Player Sprite Data...okay.
Reading Custom Subscreen Data...okay.
Loaded scripts last compiled in ZScript version: 20
Reading FF Script Data...okay.
Reading SFX Data...okay.
Reading Item Drop Sets...okay.
Reading Favorite Combos...okay.
Done.
Time to load qst: 72 ms
Removing timers. 
Freeing Data: 
Bitmaps... 
SFX... 
Misc... 
Script buffers... 
Deleting quest buffers... 
ZQuest Classic web site: https://zquestclassic.com
ZQuest Classic old wiki: https://web.archive.org/web/20210910193102/https://zeldaclassic.com/wiki
ZQuest Classic new wiki: https://github.com/ZQuestClassic/ZQuestClassic/wiki
